задание: 2.1.2
проект: 211-command-usb
устройство: 2e8a:000a
серийный номер: 53032847211F4C1C
порт: COM4
начало: 2026-09-22T20:17:09
   0.000 --> enable
   0.127 <-- enable
   0.127 <-- dbg read_line:122 got enable
   0.128 <-- inf cmd_enable:41 led off
   2.158 --> disable
   2.308 <-- disable
   2.308 <-- dbg read_line:122 got disable
   2.309 <-- inf cmd_disable:48 led off
   4.338 --> info
   4.428 <-- info
   4.429 <-- dbg read_line:122 got info
   4.429 <-- project: 211-command-usb
   4.430 <-- repo: https://github.com/developsectorX/es-student
   4.430 <-- board: pico
   4.430 <-- serial: 53032847211F4C1C
   4.431 <-- chip: manufacturer 0x927, part 0x0002, revision 2
   4.431 <-- pico-sdk: 2.3.0
   6.453 --> ping
   6.550 <-- ping
   6.550 <-- dbg read_line:122 got ping
   6.550 <-- pong
   8.581 --> nosuchcommand
   8.850 <-- nosuchcommand
   8.851 <-- dbg read_line:122 got nosuchcommand
   8.851 <-- err handle_command:102 unknown command: nosuchcommand
итог: отправлено команд 5, принято строк 20
