задание: 2.1.3
проект: 211-command-usb
устройство: 2e8a:000a
серийный номер: 53032847211F4C1C
порт: COM4
начало: 2026-09-22T20:56:42
   0.001 --> mem_info
   0.175 <-- mem_info
   0.176 <-- dbg read_line:128 got mem_info
   0.176 <-- region     start      end            size
   0.177 <-- flash      0x10000000 0x10200000  2097152
   0.177 <-- sram       0x20000000 0x20042000   270336
   0.177 <-- rom        0x00000000 0x00004000    16384
   0.178 <-- image      0x10000000 0x10008454    33876
   0.178 <-- free       0x10008454 0x10200000  2063276
   0.179 <-- boot2      0x10000000 0x10000100      256
   0.180 <-- text       0x10000100 0x100074e4    29668
   0.180 <-- data flash 0x100074e4 0x10008454     3952
   0.181 <-- data ram   0x200000c0 0x20001030     3952
   0.181 <-- bss        0x20001030 0x20001c6c     3132
   0.181 <-- heap       0x20001c6c 0x20040000   254868
   0.182 <-- stack      0x20041800 0x20042000     2048
   0.182 <-- total
   0.182 <-- flash image: 33876 bytes
   0.182 <-- flash free:  2063276 bytes of 2097152
   0.182 <-- ram used (.data + .bss): 7084 bytes
   0.183 <-- ram free (heap + stack): 256916 bytes
итог: отправлено команд 1, принято строк 20
